---
source: crates/sokratis-core/tests/snapshot.rs
expression: r
---
{
  "generated_at": 1789660685,
  "since": "2026-08-29",
  "until": null,
  "branch": "main",
  "touched": {
    "commits": 190,
    "lines": 70164,
    "files": 1801,
    "skipped_lines": 0
  },
  "days": [
    {
      "date": "2026-08-29",
      "commits": 10,
      "commits_cumulative": 10,
      "lines": 5348,
      "hours": 4.9,
      "deliveries": 4,
      "deploys": 0,
      "test_lines": 493
    },
    {
      "date": "2026-08-30",
      "commits": 9,
      "commits_cumulative": 19,
      "lines": 7717,
      "hours": 8.0,
      "deliveries": 7,
      "deploys": 0,
      "test_lines": 5
    },
    {
      "date": "2026-08-31",
      "commits": 25,
      "commits_cumulative": 44,
      "lines": 12503,
      "hours": 14.7,
      "deliveries": 16,
      "deploys": 0,
      "test_lines": 2664
    },
    {
      "date": "2026-09-01",
      "commits": 42,
      "commits_cumulative": 86,
      "lines": 18476,
      "hours": 15.3,
      "deliveries": 33,
      "deploys": 1,
      "test_lines": 743
    },
    {
      "date": "2026-09-02",
      "commits": 12,
      "commits_cumulative": 98,
      "lines": 1971,
      "hours": 4.5,
      "deliveries": 9,
      "deploys": 4,
      "test_lines": 168
    },
    {
      "date": "2026-09-03",
      "commits": 2,
      "commits_cumulative": 100,
      "lines": 743,
      "hours": 1.0,
      "deliveries": 0,
      "deploys": 0,
      "test_lines": 27
    },
    {
      "date": "2026-09-04",
      "commits": 13,
      "commits_cumulative": 113,
      "lines": 4545,
      "hours": 6.7,
      "deliveries": 7,
      "deploys": 1,
      "test_lines": 655
    },
    {
      "date": "2026-09-05",
      "commits": 22,
      "commits_cumulative": 135,
      "lines": 6978,
      "hours": 11.6,
      "deliveries": 13,
      "deploys": 1,
      "test_lines": 1018
    },
    {
      "date": "2026-09-06",
      "commits": 19,
      "commits_cumulative": 154,
      "lines": 2828,
      "hours": 5.9,
      "deliveries": 7,
      "deploys": 0,
      "test_lines": 1333
    },
    {
      "date": "2026-09-07",
      "commits": 4,
      "commits_cumulative": 158,
      "lines": 1051,
      "hours": 3.0,
      "deliveries": 2,
      "deploys": 0,
      "test_lines": 220
    },
    {
      "date": "2026-09-08",
      "commits": 3,
      "commits_cumulative": 161,
      "lines": 546,
      "hours": 1.1,
      "deliveries": 2,
      "deploys": 0,
      "test_lines": 102
    },
    {
      "date": "2026-09-09",
      "commits": 7,
      "commits_cumulative": 168,
      "lines": 1585,
      "hours": 3.3,
      "deliveries": 2,
      "deploys": 0,
      "test_lines": 348
    },
    {
      "date": "2026-09-12",
      "commits": 12,
      "commits_cumulative": 180,
      "lines": 3110,
      "hours": 2.5,
      "deliveries": 2,
      "deploys": 0,
      "test_lines": 401
    },
    {
      "date": "2026-09-13",
      "commits": 10,
      "commits_cumulative": 190,
      "lines": 2763,
      "hours": 2.5,
      "deliveries": 1,
      "deploys": 0,
      "test_lines": 745
    }
  ],
  "kinds": [
    {
      "kind": "planning",
      "commits": 26,
      "share": 0.137,
      "lines": 5512
    },
    {
      "kind": "documentation",
      "commits": 55,
      "share": 0.289,
      "lines": 2795
    },
    {
      "kind": "execution",
      "commits": 61,
      "share": 0.321,
      "lines": 25021
    },
    {
      "kind": "polish",
      "commits": 26,
      "share": 0.137,
      "lines": 30558
    },
    {
      "kind": "debugging",
      "commits": 22,
      "share": 0.116,
      "lines": 6278
    }
  ],
  "commits": [
    {
      "sha": "81665d2",
      "date": "2026-08-29",
      "subject": "ALAT-1: css:diff prestaje lagati o seobi markup -> CSS (dug placen PRIJE C4)",
      "kind": "debugging",
      "sub": "gate_or_measure",
      "overridden": false
    },
    {
      "sha": "26b1cd1",
      "date": "2026-08-29",
      "subject": "docs: revizija pred compact (pravilo #6) -- jedan NALOG koji je vec izvrsen i jedna nosiva tvrdnja",
      "kind": "documentation",
      "sub": "other",
      "overridden": false
    },
    {
      "sha": "80fc83c",
      "date": "2026-08-29",
      "subject": "C4a: mrtva povrsina odlazi -- i vodila je pravu ikonu u nevidljivost (spec 10.1)",
      "kind": "polish",
      "sub": "brick",
      "overridden": false
    },
    {
      "sha": "e1ace64",
      "date": "2026-08-29",
      "subject": "Potraga za kvarovima koji se ne vide: 9 mjesta, 2 nove brane (spec 10.2)",
      "kind": "debugging",
      "sub": "other",
      "overridden": false
    },
    {
      "sha": "8117624",
      "date": "2026-08-29",
      "subject": "docs: revizija pred compact (pravilo #6) -- pet nalaza, od toga jedan NALOG i tri brojke",
      "kind": "documentation",
      "sub": "other",
      "overridden": false
    },
    {
      "sha": "df1d6e2",
      "date": "2026-08-29",
      "subject": "C4b/1: browse prelazi na utilityje -- i rez ide po ELEMENTU, ne po datoteci",
      "kind": "polish",
      "sub": "brick",
      "overridden": false
    },
    {
      "sha": "a4dfc22",
      "date": "2026-08-29",
      "subject": "C4b/2: lekcije -- dvije ljestve pragova su se tukle, tri pravila bila mrtva (spec 10.3)",
      "kind": "polish",
      "sub": "brick",
      "overridden": false
    },
    {
      "sha": "9e39f7c",
      "date": "2026-08-29",
      "subject": "docs: zapis uz C4b -- PROGRESS + CLAUDE.md, i jedan inventar manje",
      "kind": "documentation",
      "sub": "other",
      "overridden": false
    },
    {
      "sha": "369adad",
      "date": "2026-08-29",
      "subject": "docs: puna suita potvrdjena -- 529/0, i nalog izlazi iz zapisa dok je svjez",
      "kind": "documentation",
      "sub": "other",
      "overridden": false
    },
    {
      "sha": "0375fa7",
      "date": "2026-08-29",
      "subject": "docs: revizija pred compact (pravilo #6) -- jedna NEISTINA, dva zastarjela naloga, sest brojki",
      "kind": "documentation",
      "sub": "other",
      "overridden": false
    },
    {
      "sha": "46e7b45",
      "date": "2026-08-30",
      "subject": "C5a/1: kromo ucenja -- i tri pravila koja su lagala o sebi (spec 11.1)",
      "kind": "polish",
      "sub": "brick",
      "overridden": false
    },
    {
      "sha": "1620c56",
      "date": "2026-08-30",
      "subject": "C5a/2: kartice i dopune -- a prvi kvar je bio u MJERACU (spec 11.2)",
      "kind": "debugging",
      "sub": "gate_or_measure",
      "overridden": false
    },
    {
      "sha": "0ce25af",
      "date": "2026-08-30",
      "subject": "docs: ADR-031 (MCP je cjevovod) + seoba se suzila na SAMO Supabase",
      "kind": "planning",
      "sub": "other",
      "overridden": false
    },
    {
      "sha": "396f178",
      "date": "2026-08-30",
      "subject": "C5a/3: kviz -- ljestva koja se nikad nije iscrtala (spec 11.3)",
      "kind": "polish",
      "sub": "brick",
      "overridden": false
    },
    {
      "sha": "e3767ac",
      "date": "2026-08-30",
      "subject": "docs: revizija pred compact (pravilo #6) -- jedan STVARAN nalog i cetiri ostarjele tvrdnje",
      "kind": "documentation",
      "sub": "other",
      "overridden": false
    },
    {
      "sha": "cea250e",
      "date": "2026-08-30",
      "subject": "C5a/4a: napredak -- 12 od 32 pravila nije radilo nista (spec 11.4)",
      "kind": "polish",
      "sub": "brick",
      "overridden": false
    },
    {
      "sha": "54ffb69",
      "date": "2026-08-30",
      "subject": "C5a/4b: kontrast, mjera na telefonu -- i 7 od 11 na jednoj odluci (spec 11.4)",
      "kind": "polish",
      "sub": "gate_or_measure",
      "overridden": false
    },
    {
      "sha": "9275c21",
      "date": "2026-08-30",
      "subject": "docs: revizija pred compact (pravilo #6) + MJERA za C5b (spec 12)",
      "kind": "planning",
      "sub": "gate_or_measure",
      "overridden": false
    },
    {
      "sha": "6cbef10",
      "date": "2026-08-30",
      "subject": "docs: obrnuti rizik C5b-a nije \"dva pravila\" nego NULA (spec 12.2)",
      "kind": "documentation",
      "sub": "other",
      "overridden": false
    },
    {
      "sha": "ff1b87e",
      "date": "2026-08-31",
      "subject": "docs: cetiri Leonove odluke -- ADR-032 (ispune), OAuth NE, history plitak, VPS otvoren",
      "kind": "planning",
      "sub": "other",
      "overridden": false
    },
    {
      "sha": "4a769e5",
      "date": "2026-08-31",
      "subject": "docs: seoba ODGODJENA za ~mjesec dana -- zapovijed povucena sa svih mjesta",
      "kind": "documentation",
      "sub": "other",
      "overridden": false
    },
    {
      "sha": "cf53287",
      "date": "2026-08-31",
      "subject": "C5b/0: boje gradiva bile su nevidljive na zadanoj temi (spec 12.7)",
      "kind": "polish",
      "sub": "brick",
      "overridden": false
    },
    {
      "sha": "e889825",
      "date": "2026-08-31",
      "subject": "docs: revizija pred compact (pravilo #6) -- sest tvrdnji koje je C5b/0 ostario",
      "kind": "documentation",
      "sub": "other",
      "overridden": false
    },
    {
      "sha": "8a9479f",
      "date": "2026-08-31",
      "subject": "BUG-042: pouka je bila zapisana u datoteci koju pali spec nije zvao",
      "kind": "debugging",
      "sub": "brick",
      "overridden": false
    },
    {
      "sha": "9237006",
      "date": "2026-08-31",
      "subject": "C5b/1a: exercises.css migriran -- ali mjera je prvo oborila redoslijed cigli",
      "kind": "polish",
      "sub": "gate_or_measure",
      "overridden": false
    },
    {
      "sha": "8c3e854",
      "date": "2026-08-31",
      "subject": "ci: job je OTKAZAN a nijedan test nije pao -- budzet je pojela suita",
      "kind": "debugging",
      "sub": "other",
      "overridden": false
    },
    {
      "sha": "5b269ce",
      "date": "2026-08-31",
      "subject": "C5b/1b: learn-blocks.css migriran; math.css izasao iz opsega MJEROM",
      "kind": "polish",
      "sub": "brick",
      "overridden": false
    },
    {
      "sha": "b505ebd",
      "date": "2026-08-31",
      "subject": "alat: tri rupe iz C5b/1 zatvorene -- prva je bila propust, ne odgoda",
      "kind": "debugging",
      "sub": "gate_or_measure",
      "overridden": false
    },
    {
      "sha": "ceb994c",
      "date": "2026-08-31",
      "subject": "faza MREZA: sanacija dobiva svoj spec -- i brana je morala naucit trece stanje",
      "kind": "planning",
      "sub": "gate_or_measure",
      "overridden": false
    },
    {
      "sha": "0cc945e",
      "date": "2026-08-31",
      "subject": "docs: cold-start pokazuje na MREZU -- i rez je uzet iz duplikata, ne iz praga",
      "kind": "documentation",
      "sub": "other",
      "overridden": false
    },
    {
      "sha": "6e3ab20",
      "date": "2026-08-31",
      "subject": "MREZA A1: baza popravljena na stagingu -- a plan je bio kriv na dva mjesta",
      "kind": "execution",
      "sub": "brick",
      "overridden": false
    },
    {
      "sha": "0521f5b",
      "date": "2026-08-31",
      "subject": "MREZA A1 na PRODUKCIJI: performance 14 WARN -> 0, security 15 -> 11",
      "kind": "execution",
      "sub": "deploy",
      "overridden": false
    },
    {
      "sha": "ce526f5",
      "date": "2026-08-31",
      "subject": "MREZA A2: check:node napisan i dokazan -- ali namjerno jos ne stoji na vratima",
      "kind": "execution",
      "sub": "gate_or_measure",
      "overridden": false
    },
    {
      "sha": "c7a296b",
      "date": "2026-08-31",
      "subject": "MREZA A2 zatvoren: npm audit 15 -> 0, cijeli projekt na Node 24",
      "kind": "polish",
      "sub": "brick",
      "overridden": false
    },
    {
      "sha": "bda5dd4",
      "date": "2026-08-31",
      "subject": "docs: revizija pred compact -- cetiri tvrdnje koje je blok A oborio",
      "kind": "documentation",
      "sub": "other",
      "overridden": false
    },
    {
      "sha": "3419e2c",
      "date": "2026-08-31",
      "subject": "MREZA B1: check:tokens -- var() bez definicije je zakucana vrijednost s ukrasom",
      "kind": "execution",
      "sub": "gate_or_measure",
      "overridden": false
    },
    {
      "sha": "15e896d",
      "date": "2026-08-31",
      "subject": "MREZA B2: check:final imenuje preskocene -- tiho preskakanje nije legitimno",
      "kind": "execution",
      "sub": "gate_or_measure",
      "overridden": false
    },
    {
      "sha": "cdacd8c",
      "date": "2026-08-31",
      "subject": "MREZA B3a: a11y dug izmjeren po WCAG razini -- i mjerenje je oborilo premisu cigle",
      "kind": "execution",
      "sub": "brick",
      "overridden": false
    },
    {
      "sha": "22b26d6",
      "date": "2026-08-31",
      "subject": "docs: revizija pred compact (pravilo #6) -- cetiri tvrdnje koje su B1/B3a oborili",
      "kind": "documentation",
      "sub": "other",
      "overridden": false
    },
    {
      "sha": "95e4178",
      "date": "2026-08-31",
      "subject": "MREZA B3b: a11y brana sudi po WCAG razini (uniji s tezinom) -- macro ulazi u povrsine, osnovica imenuje",
      "kind": "execution",
      "sub": "gate_or_measure",
      "overridden": false
    },
    {
      "sha": "dba26de",
      "date": "2026-08-31",
      "subject": "MREZA B3c: skrolabilne formule i tablice dohvatljive tipkovnicom -- 9 na 0, osnovica opet prazna",
      "kind": "execution",
      "sub": "brick",
      "overridden": false
    },
    {
      "sha": "9e1517d",
      "date": "2026-08-31",
      "subject": "MREZA B4: check:cascade -- tko koga gasi u responsive/* postaje izmjeren popis (23 imenovana)",
      "kind": "execution",
      "sub": "gate_or_measure",
      "overridden": false
    },
    {
      "sha": "573e0a4",
      "date": "2026-08-31",
      "subject": "docs: revizija pred compact (pravilo #6) -- ljestvica brane u prozi dovedena na B3b stanje",
      "kind": "documentation",
      "sub": "other",
      "overridden": false
    },
    {
      "sha": "8673cc4",
      "date": "2026-08-31",
      "subject": "MREZA B5: check:i18n -- zakucani tekst postaje izmjeren razred (421 u 23 datoteke)",
      "kind": "execution",
      "sub": "gate_or_measure",
      "overridden": false
    },
    {
      "sha": "afb5049",
      "date": "2026-09-01",
      "subject": "docs: revizija pred compact (pravilo #6) -- backlog-stavka za check:i18n vise ne ceka",
      "kind": "documentation",
      "sub": "gate_or_measure",
      "overridden": false
    },
    {
      "sha": "b2e04ba",
      "date": "2026-09-01",
      "subject": "docs: ADR-033 -- dvojezicnost se PREVODI, ne gasi; jezik sucelja nikad ne dira predmete (Leon, 2026-09-01)",
      "kind": "planning",
      "sub": "other",
      "overridden": false
    },
    {
      "sha": "630d134",
      "date": "2026-09-01",
      "subject": "MREZA B6: CI shardanje -- 533 testa vise ne zivi u jednom procesu",
      "kind": "execution",
      "sub": "brick",
      "overridden": false
    },
    {
      "sha": "f8068b0",
      "date": "2026-09-01",
      "subject": "fix: emnapi bomba se opet naoruzala -- i gate koji ju je trebao vidjeti je gledao u krivi minor (Kvar 3)",
      "kind": "debugging",
      "sub": "gate_or_measure",
      "overridden": false
    },
    {
      "sha": "674031f",
      "date": "2026-09-01",
      "subject": "docs: B6 ISHOD -- blok B zatvoren; CI zid 11.8 min umjesto 19.4, brze brane 24 s",
      "kind": "documentation",
      "sub": "other",
      "overridden": false
    },
    {
      "sha": "af465be",
      "date": "2026-09-01",
      "subject": "MREZA C1: fatalno 10 -> 0 -- tinta po temi, ne ispuna (ADR-032); tri pravila presudjena mjerom",
      "kind": "planning",
      "sub": "brick",
      "overridden": false
    },
    {
      "sha": "88b0d4f",
      "date": "2026-09-01",
      "subject": "MREZA C2: boja kartice = CIJELA kartica -- tri moda poravnata, inkForTint seli u renderer (EDITOR 1)",
      "kind": "execution",
      "sub": "brick",
      "overridden": false
    },
    {
      "sha": "ef8bc0a",
      "date": "2026-09-01",
      "subject": "MREZA C3+C4: paleta 93 -> 0 -- blago i stara ugaseni; medjunalaz iz palog suita: par tinti nije dosezao AA na vlastitom sjecistu",
      "kind": "polish",
      "sub": "brick",
      "overridden": false
    },
    {
      "sha": "dd8b8d4",
      "date": "2026-09-01",
      "subject": "docs: revizija pred compact (pravilo #6) -- dvije tvrdnje koje je OVA sesija ucinila zastarjelima",
      "kind": "documentation",
      "sub": "other",
      "overridden": false
    },
    {
      "sha": "0f6cb68",
      "date": "2026-09-01",
      "subject": "MREZA D1: inline van -- a krivi zakljucak je srusio klik, ne grep",
      "kind": "polish",
      "sub": "brick",
      "overridden": false
    },
    {
      "sha": "20828ec",
      "date": "2026-09-01",
      "subject": "MREZA D2 (1/2): CSP Report-Only na sve rute -- policy iz izmjerene karte izvora",
      "kind": "execution",
      "sub": "brick",
      "overridden": false
    },
    {
      "sha": "e60df39",
      "date": "2026-09-01",
      "subject": "MREZA D2 (2/2): report procitan na svim rutama -- nula nasih povreda",
      "kind": "execution",
      "sub": "brick",
      "overridden": false
    },
    {
      "sha": "ac741c2",
      "date": "2026-09-01",
      "subject": "MREZA D3: CSP enforce + check:csp na vratima -- prva iduca inline skripta pada kod nas, ne kod korisnika",
      "kind": "execution",
      "sub": "gate_or_measure",
      "overridden": false
    },
    {
      "sha": "6cd9220",
      "date": "2026-09-01",
      "subject": "docs: D3 ISHOD -- enforce ziv, setnja cista; check:csp u preflight tablicama",
      "kind": "documentation",
      "sub": "gate_or_measure",
      "overridden": false
    },
    {
      "sha": "f62ef4c",
      "date": "2026-09-01",
      "subject": "MREZA D4: procurjela lozinka pada u pregledniku -- 0 EUR umjesto Pro plana",
      "kind": "execution",
      "sub": "brick",
      "overridden": false
    },
    {
      "sha": "8f767df",
      "date": "2026-09-01",
      "subject": "docs: D4 ISHOD -- vrijednost cigle nije u danasnjem stanju nego u seobi",
      "kind": "documentation",
      "sub": "other",
      "overridden": false
    },
    {
      "sha": "3a1f374",
      "date": "2026-09-01",
      "subject": "docs: revizija pred compact (pravilo #6) -- dvije tvrdnje koje je blok D ucinio zastarjelima",
      "kind": "documentation",
      "sub": "other",
      "overridden": false
    },
    {
      "sha": "bf4aa82",
      "date": "2026-09-01",
      "subject": "MREZA-E1: analiza je pojela ciglu -- dopune isporucene jos 2026-08-25, spec je prepisao zadatak bez statusa",
      "kind": "execution",
      "sub": "brick",
      "overridden": false
    },
    {
      "sha": "cd5fe1f",
      "date": "2026-09-01",
      "subject": "MREZA-E2: nijedna kartica preko 500 -- selidba je vecinom bila brisanje duplikata learna, a strop sada zivi i u shemi",
      "kind": "execution",
      "sub": "brick",
      "overridden": false
    },
    {
      "sha": "6f4b00c",
      "date": "2026-09-01",
      "subject": "MREZA-E3: 'odluka o 8' se raspala -- jedan je bio zrtva resolvera i sad se PROVJERAVA, sedam zakljucano s obrazlozenjem u brani",
      "kind": "planning",
      "sub": "brick",
      "overridden": false
    },
    {
      "sha": "45747c4",
      "date": "2026-09-01",
      "subject": "docs: paleta-kucica izlaznog uvjeta -- C4 ju je ispunio (0-0-0, potvrdjeno uzivo) a nikad oznacio",
      "kind": "documentation",
      "sub": "other",
      "overridden": false
    },
    {
      "sha": "b1bfc76",
      "date": "2026-09-01",
      "subject": "MREZA-E4: vjezbe i slijepa karta usle u telefon-mjeru (44->52) -- 'cine se ok' postao broj, i broj je nula nalaza",
      "kind": "execution",
      "sub": "brick",
      "overridden": false
    },
    {
      "sha": "539ab5d",
      "date": "2026-09-01",
      "subject": "docs: tracnice na redizajn -- MREZA ⏸️ s deploy-gated izlazom, FRONTEND_REDIZAJN opet aktivan od C5b/2 (Leonova rijec)",
      "kind": "planning",
      "sub": "deploy",
      "overridden": false
    },
    {
      "sha": "9a7cf57",
      "date": "2026-09-01",
      "subject": "C5b/2: blind-map skela u utilityje -- i 4 mrtva pravila koja su cekala igraca kojeg nema (spec 12.12)",
      "kind": "polish",
      "sub": "brick",
      "overridden": false
    },
    {
      "sha": "8eba0fa",
      "date": "2026-09-01",
      "subject": "C5b/3a: #learn razoruzan -- :where() cuva doseg, a utility prvi put prolazi (spec 12.13)",
      "kind": "polish",
      "sub": "brick",
      "overridden": false
    },
    {
      "sha": "0f84e86",
      "date": "2026-09-01",
      "subject": "C5b/3b: learn skela u utilityje -- mjera srezala opseg, C5b time CIJELI zatvoren (spec 12.14)",
      "kind": "polish",
      "sub": "gate_or_measure",
      "overridden": false
    },
    {
      "sha": "9e7d517",
      "date": "2026-09-01",
      "subject": "C6 mjera + C6/1: home-ljestva iz pet datoteka skupljena -- pola je bilo mrtvo (spec 13, 13.6)",
      "kind": "polish",
      "sub": "gate_or_measure",
      "overridden": false
    },
    {
      "sha": "e060b60",
      "date": "2026-09-01",
      "subject": "C6/2: sidebar-ljestva skupljena -- i nalaz da sidebar NITKO ne moze otvoriti (spec 13.7)",
      "kind": "polish",
      "sub": "brick",
      "overridden": false
    },
    {
      "sha": "1f74143",
      "date": "2026-09-01",
      "subject": "docs: CLAUDE.md pod budzet -- pipeline mi je maskirao exit check:docs brane pa je prosli commit otisao crven",
      "kind": "documentation",
      "sub": "gate_or_measure",
      "overridden": false
    },
    {
      "sha": "0dc1521",
      "date": "2026-09-01",
      "subject": "C6/3: about -- mobilna pravila kuci, skela u utilityje (spec 13.8)",
      "kind": "polish",
      "sub": "brick",
      "overridden": false
    },
    {
      "sha": "c6a787a",
      "date": "2026-09-01",
      "subject": "C6/4: profil + auth -- dokaz koji css:diff ne moze dati; C6 ZATVOREN (spec 13.9)",
      "kind": "polish",
      "sub": "brick",
      "overridden": false
    },
    {
      "sha": "707a892",
      "date": "2026-09-01",
      "subject": "C7/1: selektorski mrtvo van -- pola mrtvih gate nije ni vidio (spec 14.1)",
      "kind": "polish",
      "sub": "gate_or_measure",
      "overridden": false
    },
    {
      "sha": "5bdfdd9",
      "date": "2026-09-01",
      "subject": "C7/2: cta-ljestva dosla kuci i zatekla da kuce NEMA -- C2 obrisao zivu bazu (spec 14.2)",
      "kind": "polish",
      "sub": "brick",
      "overridden": false
    },
    {
      "sha": "c71acd7",
      "date": "2026-09-01",
      "subject": "C7/3: css/responsive/* NE POSTOJI -- zive ljestve doseljene bazama, s njima umirovljen i check:cascade (spec 14.3)",
      "kind": "polish",
      "sub": "gate_or_measure",
      "overridden": false
    },
    {
      "sha": "c224b7d",
      "date": "2026-09-01",
      "subject": "C7/4: components raspusten -- mobile-nav je stilizirao samo NEVIDLJIVO (spec 14.4)",
      "kind": "polish",
      "sub": "brick",
      "overridden": false
    },
    {
      "sha": "0509d19",
      "date": "2026-09-01",
      "subject": "C7/5: paleta-most mrtav (990 poziva na tokene); gradivo cuva 2 imena kao UGOVOR -- C7 ZATVOREN (spec 14.5)",
      "kind": "polish",
      "sub": "brick",
      "overridden": false
    },
    {
      "sha": "6790bee",
      "date": "2026-09-01",
      "subject": "docs: seoba OTKAZANA (Leon: Nastavlja Supabase do daljnjeg) + RACUN blok u BACKLOG -- pala jedina blokada OAutha",
      "kind": "documentation",
      "sub": "other",
      "overridden": false
    },
    {
      "sha": "2e21615",
      "date": "2026-09-01",
      "subject": "Dorada iz pregleda: learn u bojama sekcija -- boja je vec bila na kartici, trosio ju je samo rub (spec 15.1)",
      "kind": "execution",
      "sub": "other",
      "overridden": false
    },
    {
      "sha": "f8bc5cb",
      "date": "2026-09-01",
      "subject": "Popravak CI-ja: h3 mix 55->45% -- amber je na 4.41, a SE je bio glasnik, ne uzrok (spec 15.1)",
      "kind": "debugging",
      "sub": "other",
      "overridden": false
    },
    {
      "sha": "a2d28af",
      "date": "2026-09-01",
      "subject": "docs: deploy-zapis -- 🚀 CHANGELOG, kucice §9 MREZE zatvorene, oba speca u arhivu, RACUN.md preuzima 'sto sada'",
      "kind": "planning",
      "sub": "deploy",
      "overridden": false
    },
    {
      "sha": "6bdd75f",
      "date": "2026-09-01",
      "subject": "Birac tema u profilu -- mehanizam je postojao cijelo vrijeme, falio je samo UI",
      "kind": "execution",
      "sub": "other",
      "overridden": false
    },
    {
      "sha": "6c5a5d8",
      "date": "2026-09-01",
      "subject": "Tema paper VAN (Leon uz pregled biraca) -- 10 mjesta, a stari localStorage pada na academic besplatno",
      "kind": "polish",
      "sub": "other",
      "overridden": false
    },
    {
      "sha": "8f303c1",
      "date": "2026-09-02",
      "subject": "docs: 🚀 birac tema na produkciji (6c5a5d8, Leonov OK)",
      "kind": "documentation",
      "sub": "deploy",
      "overridden": false
    },
    {
      "sha": "1e50d11",
      "date": "2026-09-02",
      "subject": "R1/A: dijalog pregradjen u JEDNOM zahvatu -- OAuth ulazi + dvokoracni upitnik (spec RACUN)",
      "kind": "execution",
      "sub": "brick",
      "overridden": false
    },
    {
      "sha": "555007f",
      "date": "2026-09-02",
      "subject": "R1/docs: Google OAuth potvrdjen UZIVO (Leonov krug) -- FB jos ceka Metine kljuceve",
      "kind": "documentation",
      "sub": "brick",
      "overridden": false
    },
    {
      "sha": "b23c15f",
      "date": "2026-09-02",
      "subject": "R1/docs: cetiri Leonova UX-nalaza (brisanje povijesti je dizajnerski samoporazno; studio sekcije; mail redirect; SMTP posiljatelj)",
      "kind": "documentation",
      "sub": "brick",
      "overridden": false
    },
    {
      "sha": "921ef08",
      "date": "2026-09-02",
      "subject": "R1/U1+U2: brisanje povijesti STVARNO brise (cloud+lokalno+snapshot, bez odjave) + Nova sekcija na dnu panea",
      "kind": "execution",
      "sub": "brick",
      "overridden": false
    },
    {
      "sha": "4cd20ea",
      "date": "2026-09-02",
      "subject": "docs: 🚀 RACUN R1 na produkciji (921ef08, Leonov OK)",
      "kind": "documentation",
      "sub": "deploy",
      "overridden": false
    },
    {
      "sha": "2de0456",
      "date": "2026-09-02",
      "subject": "R1/U5: Google prijava bez supabase-domene -- implicit id_token izravno s nase stranice",
      "kind": "execution",
      "sub": "brick",
      "overridden": false
    },
    {
      "sha": "3c6c995",
      "date": "2026-09-02",
      "subject": "docs/compact-prep: R1-UX statusi (U1+U2 deployani, U5 na grani, U3/U4 Leonove konzole) + RACUN/CLAUDE poravnati",
      "kind": "documentation",
      "sub": "deploy",
      "overridden": false
    },
    {
      "sha": "b248107",
      "date": "2026-09-02",
      "subject": "docs: 🚀 U5 na produkciji (2de0456, Leonov OK)",
      "kind": "documentation",
      "sub": "deploy",
      "overridden": false
    },
    {
      "sha": "9f2977c",
      "date": "2026-09-02",
      "subject": "R1: Facebook gumb maknut iz dijaloga (FB_LOGIN=false; ceka Metine kljuceve)",
      "kind": "execution",
      "sub": "brick",
      "overridden": false
    },
    {
      "sha": "0656511",
      "date": "2026-09-02",
      "subject": "docs: 🚀 FB gumb maknut — na produkciji (9f2977c, Leonov OK)",
      "kind": "documentation",
      "sub": "deploy",
      "overridden": false
    },
    {
      "sha": "8e6b452",
      "date": "2026-09-02",
      "subject": "docs: U3+U4 zatvoreni (Leonove konzole) + FB odgoda u RACUN/BACKLOG",
      "kind": "documentation",
      "sub": "other",
      "overridden": false
    },
    {
      "sha": "5539861",
      "date": "2026-09-03",
      "subject": "fix: 5xx bez tijela vise ne ispisuje '{}' u auth statusu (+ regresijski test)",
      "kind": "debugging",
      "sub": "other",
      "overridden": false
    },
    {
      "sha": "4e4192c",
      "date": "2026-09-03",
      "subject": "R2/mail: brendirani Supabase predlosci (potvrda+dobrodoslica, reset, promjena adrese) + scripts/mail-preview.js",
      "kind": "execution",
      "sub": "brick",
      "overridden": false
    },
    {
      "sha": "13669f3",
      "date": "2026-09-04",
      "subject": "R2/mail: potpis u podnozju predlozaka (znak u kvadratu + ime + tagline + link)",
      "kind": "execution",
      "sub": "brick",
      "overridden": false
    },
    {
      "sha": "123192e",
      "date": "2026-09-04",
      "subject": "docs/compact-prep: mail-identitet zatvoren + Leonova dva zadatka za sljedecu sesiju (FOUC teme, tema=izgled maila)",
      "kind": "planning",
      "sub": "other",
      "overridden": false
    },
    {
      "sha": "e4b0eaf",
      "date": "2026-09-04",
      "subject": "docs: brzina kao treci zadatak za sljedecu sesiju (izmjereno: 38 skripti / 192.8 KiB od 200 KB budzeta)",
      "kind": "planning",
      "sub": "other",
      "overridden": false
    },
    {
      "sha": "891a1ce",
      "date": "2026-09-04",
      "subject": "FOUC: tema se odlucuje u boot.js, prije prvog crtanja (izmjereno 0 ms bljeska)",
      "kind": "execution",
      "sub": "other",
      "overridden": false
    },
    {
      "sha": "6db1c2f",
      "date": "2026-09-04",
      "subject": "brzina: znakovi providera su ugradjeni SVG — brands-font (106 KB) vise se ne skida",
      "kind": "execution",
      "sub": "other",
      "overridden": false
    },
    {
      "sha": "d0d5543",
      "date": "2026-09-04",
      "subject": "docs: prava dijagnoza sva tri problema (obje ranije bile krive) + zapis dviju zatvorenih cigli",
      "kind": "documentation",
      "sub": "other",
      "overridden": false
    },
    {
      "sha": "69cd297",
      "date": "2026-09-04",
      "subject": "docs/compact-prep: izmjerene brojke za dizajn-ciglu + doc-audit (pravilo #6)",
      "kind": "documentation",
      "sub": "other",
      "overridden": false
    },
    {
      "sha": "e42cd90",
      "date": "2026-09-04",
      "subject": "ucitavanje po ruti: prvi kadar s 41 skripte na 22",
      "kind": "execution",
      "sub": "other",
      "overridden": false
    },
    {
      "sha": "e8f1651",
      "date": "2026-09-04",
      "subject": "docs: suradnik otkazan · RASPORED postaje tekuci spec",
      "kind": "planning",
      "sub": "other",
      "overridden": false
    },
    {
      "sha": "18e5c3e",
      "date": "2026-09-04",
      "subject": "F1/1: stranica je dobila boju vlastitog znaka",
      "kind": "execution",
      "sub": "brick",
      "overridden": false
    },
    {
      "sha": "11a366c",
      "date": "2026-09-04",
      "subject": "docs: crna tema — mail ima DVIJE palete, a izmjerio sam jednu",
      "kind": "documentation",
      "sub": "other",
      "overridden": false
    },
    {
      "sha": "22c556b",
      "date": "2026-09-04",
      "subject": "F1/2: tema `carbon` — tamna polovica maila, na stranici",
      "kind": "execution",
      "sub": "brick",
      "overridden": false
    },
    {
      "sha": "551df3a",
      "date": "2026-09-04",
      "subject": "docs/compact-prep: doc-audit (pravilo #6) — sto je danas ostarjelo",
      "kind": "documentation",
      "sub": "other",
      "overridden": false
    },
    {
      "sha": "9307a2b",
      "date": "2026-09-05",
      "subject": "F1/3: prvi kadar prati uredjaj -- crno bez klika, kao mail",
      "kind": "execution",
      "sub": "brick",
      "overridden": false
    },
    {
      "sha": "10607f0",
      "date": "2026-09-05",
      "subject": "test: kaskada cita `--color-warn-ink` -- `--warning-text` vise ne postoji",
      "kind": "debugging",
      "sub": "gate_or_measure",
      "overridden": false
    },
    {
      "sha": "cbbfd34",
      "date": "2026-09-05",
      "subject": "docs: Leonova dva nova -- ljepljivi hover (izmjeren) · Tinder-spil kartica (zapisan)",
      "kind": "documentation",
      "sub": "other",
      "overridden": false
    },
    {
      "sha": "a45796d",
      "date": "2026-09-05",
      "subject": "Analiza rada: docs/records/RAD.xlsx + generator scripts/rad-xlsx.py",
      "kind": "execution",
      "sub": "other",
      "overridden": false
    },
    {
      "sha": "8b70c15",
      "date": "2026-09-05",
      "subject": "F1/6: sonda za trzanje (jank-probe) + ljepljivi hover izmjeren na WebKitu -- mjerenja, bez popravaka",
      "kind": "execution",
      "sub": "gate_or_measure",
      "overridden": false
    },
    {
      "sha": "e5a93c5",
      "date": "2026-09-05",
      "subject": "docs: 🚀 deploy 8b70c15 zapisan (F1/1–F1/3 + F1/6 na produkciji, Leonov OK)",
      "kind": "documentation",
      "sub": "deploy",
      "overridden": false
    },
    {
      "sha": "a27b1b8",
      "date": "2026-09-05",
      "subject": "docs: Leonov treci nalaz -- zoom na dodir izmjeren (F1/10), nista popravljano",
      "kind": "documentation",
      "sub": "other",
      "overridden": false
    },
    {
      "sha": "a31a418",
      "date": "2026-09-05",
      "subject": "docs/compact-prep: cetiri \"na grani\" tvrdnje → na produkciji · Leonova odluka za sljedecu sesiju (zoom + hover do kraja)",
      "kind": "planning",
      "sub": "deploy",
      "overridden": false
    },
    {
      "sha": "831d905",
      "date": "2026-09-05",
      "subject": "F1/10: zoom na dodir -- (pointer: coarse) umjesto nemjerljivog @supports-njuskanja, touch-action u resetu, brana ⑨",
      "kind": "execution",
      "sub": "gate_or_measure",
      "overridden": false
    },
    {
      "sha": "92269c2",
      "date": "2026-09-05",
      "subject": "F1/8 ①: `:hover` samo gdje hover postoji -- build-prolaz (lightningcss cita, tekst se prepisuje), check:hover, hover-probe",
      "kind": "execution",
      "sub": "gate_or_measure",
      "overridden": false
    },
    {
      "sha": "11d8729",
      "date": "2026-09-05",
      "subject": "docs: Leon na iPhoneu potvrdio F1/8 ① (\"Ne svijetli, odlicno\") · compact-priprema (pravilo #6)",
      "kind": "documentation",
      "sub": "other",
      "overridden": false
    },
    {
      "sha": "c53c28c",
      "date": "2026-09-05",
      "subject": "F1/8 ②: hover na misu se naoruza tek prvim pomakom -- pauzirajHover() (navigateTo + browseNaRazinu), prefiks :where(:root:not([data-hover-paused])) u hover-css, sonda prelaz, 28 tvrdnji",
      "kind": "execution",
      "sub": "gate_or_measure",
      "overridden": false
    },
    {
      "sha": "00584f8",
      "date": "2026-09-05",
      "subject": "docs: 🚀 deploy c53c28c zapisan (F1/10 + F1/8 ①+② na produkciji, Leonov uvjetni OK, suita 571/0/117)",
      "kind": "documentation",
      "sub": "deploy",
      "overridden": false
    },
    {
      "sha": "d82ba1c",
      "date": "2026-09-05",
      "subject": "docs: ADR-034 -- stranica se NE zumira (Leon) → cigla F1/11; compact-priprema",
      "kind": "planning",
      "sub": "other",
      "overridden": false
    },
    {
      "sha": "d1bb543",
      "date": "2026-09-05",
      "subject": "F1/11: nista ne zumira -- meta min/max-scale=1 + user-scalable=no na 6 stranica, reset touch-action: pan-x pan-y, ISKLJUCENO_ODLUKOM u axe-gate (ADR-034)",
      "kind": "planning",
      "sub": "gate_or_measure",
      "overridden": false
    },
    {
      "sha": "9139d6f",
      "date": "2026-09-05",
      "subject": "F1/7 ①: landing bez `background-attachment: fixed` -- 240 paintova/533 Mpx po prolazu → 0/0, brana no-fixed-background",
      "kind": "execution",
      "sub": "gate_or_measure",
      "overridden": false
    },
    {
      "sha": "07f4ab2",
      "date": "2026-09-05",
      "subject": "F1/7 ②: `?bez=` prekidac za A/B na iPhoneu -- css/bez.css + boot.js (data-bez prije crtanja), jank-probe cita modul umjesto vlastite tablice",
      "kind": "execution",
      "sub": "gate_or_measure",
      "overridden": false
    },
    {
      "sha": "4d3962a",
      "date": "2026-09-05",
      "subject": "docs/compact-prep: BUG-043 nosi biljesku da je F1/11 zamijenio manipulation s pan-x pan-y (ADR-034)",
      "kind": "planning",
      "sub": "other",
      "overridden": false
    },
    {
      "sha": "a9689e6",
      "date": "2026-09-05",
      "subject": "F1/11 ②: js/no-zoom.js -- stipanje s dva prsta gasi JS (gesturestart + touchmove scale), jer Safari metu i touch-action ne slusa",
      "kind": "execution",
      "sub": "brick",
      "overridden": false
    },
    {
      "sha": "eb5b061",
      "date": "2026-09-05",
      "subject": "docs: matura = VIZIJA, ne projekt -- VISION.md §8 (Leon: \"mature ne diramo, to je vizija\")",
      "kind": "documentation",
      "sub": "other",
      "overridden": false
    },
    {
      "sha": "cbaf4d2",
      "date": "2026-09-05",
      "subject": "rad: dnevni zapis 2026-09-05 (automatski, scripts/rad-dnevno.ps1)",
      "kind": "execution",
      "sub": "other",
      "overridden": false
    },
    {
      "sha": "26e4965",
      "date": "2026-09-05",
      "subject": "rad: RAD.xlsx se puni AUTOMATSKI svaki dan 23:45 -- scripts/rad-dnevno.ps1 + Windows Task Scheduler (Leon: \"to treba biti automatski\")",
      "kind": "execution",
      "sub": "other",
      "overridden": false
    },
    {
      "sha": "93b4897",
      "date": "2026-09-06",
      "subject": "docs: Leonov odgovor §6/1 -- odjava brise lokalni izbor teme (F2/1); iPhone-nalaz o stipanju opisuje PRODUKCIJU (instalirana app), ne F1/11",
      "kind": "documentation",
      "sub": "other",
      "overridden": false
    },
    {
      "sha": "4d8f19b",
      "date": "2026-09-06",
      "subject": "F1/4: popis tema ima JEDNO mjesto -- scripts/teme.js cita tokens.css za sve cetiri brane; a11y-brana prvi put skenira carbon",
      "kind": "execution",
      "sub": "gate_or_measure",
      "overridden": false
    },
    {
      "sha": "0785952",
      "date": "2026-09-06",
      "subject": "F1/5: pravne stranice prate uredjaj -- boot.js (sinkron) + data-theme na contact/faq/privacy/terms; legal.spec mjeri iscrtano dark→carbon / light→academic",
      "kind": "execution",
      "sub": "brick",
      "overridden": false
    },
    {
      "sha": "2d45182",
      "date": "2026-09-06",
      "subject": "docs: Leonove stavke 06.09. SAMO ZAPISANE -- FAQ/About/kontakt sokrat@sokratstudy.com (F3/1 dopuna, prije prijevoda) · \"uvijek bijela\" = produkcija bez F1/5 · \"Automatic · Carbon\" u biracu = pitanje §6/7",
      "kind": "documentation",
      "sub": "other",
      "overridden": false
    },
    {
      "sha": "a354960",
      "date": "2026-09-06",
      "subject": "docs/compact-prep: HISTORY dobiva redak 2026-09-06 (F1/4 + F1/5 bili zalijepljeni na 05.09.) · CLAUDE.md: F1 gotov osim F1/9",
      "kind": "documentation",
      "sub": "other",
      "overridden": false
    },
    {
      "sha": "4cce27b",
      "date": "2026-09-06",
      "subject": "docs: CLAUDE.md natrag pod budzet -- dva retka stanja F1 sazeta u jedan (prethodni commit je prosao jer je `| tail` progutao pad check:docs)",
      "kind": "documentation",
      "sub": "gate_or_measure",
      "overridden": false
    },
    {
      "sha": "57e2158",
      "date": "2026-09-06",
      "subject": "F1/9: kartice kao Tinder-spil na dodiru -- palac desno = znam, lijevo = ne znam, spil od tri (samo `pointer: coarse`), strelice kao stolni pandan; jedini put upisa ostaju markKnown/markUnknown",
      "kind": "execution",
      "sub": "brick",
      "overridden": false
    },
    {
      "sha": "d1743a8",
      "date": "2026-09-06",
      "subject": "docs: HISTORY -- F1 uredjaj: sve cigle isporucene (F1/9 Tinder-spil 57e2158)",
      "kind": "documentation",
      "sub": "other",
      "overridden": false
    },
    {
      "sha": "95e3ba1",
      "date": "2026-09-06",
      "subject": "docs: Tinder-KADAR -- mjerenje (BACKLOG §E) + plan F1/12 kadar · F1/13 listanje (RASPORED) · §6/8 kraj spila; bez koda",
      "kind": "planning",
      "sub": "other",
      "overridden": false
    },
    {
      "sha": "182bac3",
      "date": "2026-09-06",
      "subject": "docs: Leonovi odgovori za Tinder-kadar -- izbornik na kraju spila · ✕ lijevo / strelica desno i na kompu · sve tipkama (X/Z) · F1/14 tutorial (kasnije, ali predvidjen tablicom akcija)",
      "kind": "documentation",
      "sub": "other",
      "overridden": false
    },
    {
      "sha": "900f142",
      "date": "2026-09-06",
      "subject": "docs: anketa -- Leonovih pet odgovora zatvara §6 (sidebar obrisati · vjezbe samo tokeni · Facebook otpao · HR predmeti cekaju F5 recepte · birac samo \"Automatski\")",
      "kind": "documentation",
      "sub": "other",
      "overridden": false
    },
    {
      "sha": "fe1af72",
      "date": "2026-09-06",
      "subject": "docs: HR autor-bot zapisan kao KASNIJE (Leon 06.09.) -- sto postoji, sto fali, redoslijed kad dodje na red",
      "kind": "documentation",
      "sub": "other",
      "overridden": false
    },
    {
      "sha": "2d07d00",
      "date": "2026-09-06",
      "subject": "docs: HR autor-bot bez API kljuca -- graditelji su Claude Code subagenti, ne Sonnet API (Leon 06.09.)",
      "kind": "documentation",
      "sub": "other",
      "overridden": false
    },
    {
      "sha": "8ec0e18",
      "date": "2026-09-06",
      "subject": "docs: HR materijali 1. godine postoje na Driveu (Leon 06.09.) -- izvor za autor-bota, jos nepregledano",
      "kind": "documentation",
      "sub": "other",
      "overridden": false
    },
    {
      "sha": "3bfe40a",
      "date": "2026-09-06",
      "subject": "fix(check:docs): gitignoriran artefakt nije duh-datoteka -- brana je padala u svakom svjezem klonu",
      "kind": "debugging",
      "sub": "gate_or_measure",
      "overridden": false
    },
    {
      "sha": "4c9e4f1",
      "date": "2026-09-06",
      "subject": "F2/1 (6/7): birac tema -- natpis je samo \"Automatski\", sufiks s temom uredjaja otpada",
      "kind": "execution",
      "sub": "brick",
      "overridden": false
    },
    {
      "sha": "e6ed07d",
      "date": "2026-09-06",
      "subject": "rad: dnevni zapis 2026-09-06 (automatski, scripts/rad-dnevno.ps1)",
      "kind": "execution",
      "sub": "other",
      "overridden": false
    },
    {
      "sha": "27d495a",
      "date": "2026-09-07",
      "subject": "docs: model monetizacije -- organizacija je najam, firme placaju prve (ADR-036)",
      "kind": "planning",
      "sub": "other",
      "overridden": false
    },
    {
      "sha": "1384f6b",
      "date": "2026-09-07",
      "subject": "docs(progress): sesija 07.09. -- model monetizacije zakljucan, cinjenice o inkubatoru provjerene",
      "kind": "documentation",
      "sub": "other",
      "overridden": false
    },
    {
      "sha": "a341880",
      "date": "2026-09-07",
      "subject": "Mjerenje aktivacije i povratka: SokratMetrika u consent.js + kuka u switchSection()",
      "kind": "execution",
      "sub": "other",
      "overridden": false
    },
    {
      "sha": "d5377ff",
      "date": "2026-09-07",
      "subject": "rad: dnevni zapis 2026-09-07 (automatski, scripts/rad-dnevno.ps1)",
      "kind": "execution",
      "sub": "other",
      "overridden": false
    },
    {
      "sha": "5233a0a",
      "date": "2026-09-06",
      "subject": "fix(check:docs): gitignoriran artefakt nije duh-datoteka -- brana je padala u svakom svjezem klonu",
      "kind": "debugging",
      "sub": "gate_or_measure",
      "overridden": false
    },
    {
      "sha": "74eb8ae",
      "date": "2026-09-08",
      "subject": "F2/0: traka dobiva dva odredista -- \"Pocni uciti\" obrisan, gore su UGC i profil",
      "kind": "execution",
      "sub": "brick",
      "overridden": false
    },
    {
      "sha": "49101f0",
      "date": "2026-09-08",
      "subject": "rad: dnevni zapis 2026-09-08 (automatski, scripts/rad-dnevno.ps1)",
      "kind": "execution",
      "sub": "other",
      "overridden": false
    },
    {
      "sha": "cc01a1b",
      "date": "2026-09-09",
      "subject": "F2/0 ②: materials-entry okrenut -- CI je nasao spec koji je moja pretraga promasila",
      "kind": "execution",
      "sub": "brick",
      "overridden": false
    },
    {
      "sha": "6f51b7c",
      "date": "2026-09-09",
      "subject": "docs(TESTING): pouka F2/0 -- element sucelja se ne trazi po imenu nego po svemu cime se gada",
      "kind": "documentation",
      "sub": "other",
      "overridden": false
    },
    {
      "sha": "8b79790",
      "date": "2026-09-09",
      "subject": "docs(PROGRESS): dnevnik pokazuje na pouku umjesto da je ponavlja (ADR-027)",
      "kind": "planning",
      "sub": "other",
      "overridden": false
    },
    {
      "sha": "1e2d157",
      "date": "2026-09-08",
      "subject": "check:docs: budzet CLAUDE.md se mjeri BEZ znaka povratka -- ista datoteka, ista presuda",
      "kind": "planning",
      "sub": "gate_or_measure",
      "overridden": false
    },
    {
      "sha": "4a2b260",
      "date": "2026-09-09",
      "subject": "docs(CLAUDE.md): stanje govori danasnji dan -- F1 parkiran u karticama, F2 poceo",
      "kind": "documentation",
      "sub": "other",
      "overridden": false
    },
    {
      "sha": "e6b6515",
      "date": "2026-09-09",
      "subject": "F2/3a: profil postaje ZID -- identitet gore, administracija ispod",
      "kind": "execution",
      "sub": "brick",
      "overridden": false
    },
    {
      "sha": "5950c86",
      "date": "2026-09-09",
      "subject": "F2/3b: ime i opis dobivaju svoju tablicu -- `role` ostaje zatvoren",
      "kind": "execution",
      "sub": "brick",
      "overridden": false
    },
    {
      "sha": "f670767",
      "date": "2026-09-09",
      "subject": "docs: pred-compact revizija -- odluka o bucketu, nova tablica u BACKEND-u, stanje govori danasnji dan",
      "kind": "planning",
      "sub": "other",
      "overridden": false
    },
    {
      "sha": "d9c1f4d",
      "date": "2026-09-12",
      "subject": "docs: matura seli u archive/ -- VISION.md §8 je jedino mjesto gdje matura zivi (Leon 12.09.)",
      "kind": "documentation",
      "sub": "other",
      "overridden": false
    },
    {
      "sha": "d54d015",
      "date": "2026-09-12",
      "subject": "N5: odbijeni paket se zaboravlja -- drugi poziv paket() ponovno skida, ne vraca staru gresku (BUG-051)",
      "kind": "debugging",
      "sub": "other",
      "overridden": false
    },
    {
      "sha": "5e7e3e3",
      "date": "2026-09-12",
      "subject": "N3: snapshot tek nakon uspjelog upisa u pullu -- pali prvi push ceka sljedeci interval, bez laznog \"sinkronizirano\" (BUG-049)",
      "kind": "debugging",
      "sub": "other",
      "overridden": false
    },
    {
      "sha": "c7dea8e",
      "date": "2026-09-12",
      "subject": "N2: spajanje nizova koji nisu stringovi = multiskup-maksimum -- [80]+[90] daje oba, ne \"dulje polje\" (BUG-048)",
      "kind": "debugging",
      "sub": "other",
      "overridden": false
    },
    {
      "sha": "6bfb61b",
      "date": "2026-09-12",
      "subject": "N4: lokalni napredak ima VLASNIKA -- drugi racun na istom pregledniku ga ne nasljedjuje (BUG-050)",
      "kind": "debugging",
      "sub": "other",
      "overridden": false
    },
    {
      "sha": "86113e7",
      "date": "2026-09-12",
      "subject": "N1: naucena kartica se pamti po IDENTITETU, ne po poziciji u promijesanom spilu (BUG-047)",
      "kind": "debugging",
      "sub": "other",
      "overridden": false
    },
    {
      "sha": "fdcb2b3",
      "date": "2026-09-12",
      "subject": "bump: cache tokeni + CONTENT_VERSION/SW_VERSION nakon N1-N5 (js/loader, cloud-sync, flashcards, storage, progress, profile)",
      "kind": "execution",
      "sub": "other",
      "overridden": false
    },
    {
      "sha": "a68f154",
      "date": "2026-09-12",
      "subject": "docs: BUG-047..051 (pet nalaza vanjske recenzije, svi rijeseni) + CHANGELOG + PROGRESS 12.09.",
      "kind": "documentation",
      "sub": "other",
      "overridden": false
    },
    {
      "sha": "5da7119",
      "date": "2026-09-06",
      "subject": "fix(check:docs): gitignoriran artefakt nije duh-datoteka -- brana je padala u svakom svjezem klonu",
      "kind": "debugging",
      "sub": "gate_or_measure",
      "overridden": false
    },
    {
      "sha": "5273ea0",
      "date": "2026-09-12",
      "subject": "test(app-state): tvrdnja o naucenim karticama okrenuta na identitete -- includes(0)&&includes(1) je kodirala BUG-047",
      "kind": "debugging",
      "sub": "gate_or_measure",
      "overridden": false
    },
    {
      "sha": "bfb3a50",
      "date": "2026-09-12",
      "subject": "docs: BUGS.md razdvojen (BUG-001..038 u BUGS_ARCHIVE.md) + RASPORED §0 SPAJANJE -- karta grana i redoslijed za sljedecu sesiju (Leon 12.09.)",
      "kind": "planning",
      "sub": "other",
      "overridden": false
    },
    {
      "sha": "d8e61be",
      "date": "2026-09-12",
      "subject": "merge: NAPREDAK POUZDAN (BUG-047…051) -- identitet kartice, merge = multiskup-max, snapshot tek nakon upserta, vlasnik lokalnog napretka, odbijeni paket se zaboravlja; + check:docs gitignore-fix (3bfe40a)",
      "kind": "debugging",
      "sub": "gate_or_measure",
      "overridden": false
    },
    {
      "sha": "d2aa6b3",
      "date": "2026-09-12",
      "subject": "merge: ostatak F1 (F1/4, F1/5, F1/7, F1/9, F1/11) + metrika ucenje/povratak + docs 05.-12.09. (ADR-035/036, matura u archive/) -- feat/mjerenje-aktivacije",
      "kind": "planning",
      "sub": "other",
      "overridden": false
    },
    {
      "sha": "3dc6624",
      "date": "2026-09-13",
      "subject": "merge: F2/1 (6/7) birac tema -- natpis samo 'Automatski' (feat/nocna-b)",
      "kind": "execution",
      "sub": "other",
      "overridden": false
    },
    {
      "sha": "1d54700",
      "date": "2026-09-13",
      "subject": "merge: F2/0 traka s dva odredista + F2/3a profil = zid + F2/3b identitet (profile_identity + RPC) -- feat/profil-zid",
      "kind": "execution",
      "sub": "other",
      "overridden": false
    },
    {
      "sha": "a34ebf0",
      "date": "2026-09-13",
      "subject": "BUG-046: pilula kategorije na obojenoj kartici pada AA -- mijesa se SUPROTNA tinta (cherry-pick 2641834 s parkirane feat/tinder-kadar)",
      "kind": "debugging",
      "sub": "brick",
      "overridden": false
    },
    {
      "sha": "c64a156",
      "date": "2026-09-13",
      "subject": "BUG-045: Service Worker nikad nije spremao runtime assete -- res.clone() sinkrono PRIJE caches.open (cherry-pick 3708e2d s parkirane feat/tinder-kadar)",
      "kind": "debugging",
      "sub": "brick",
      "overridden": false
    },
    {
      "sha": "d943a84",
      "date": "2026-09-13",
      "subject": "docs(progress, raspored §0): sesija SPAJANJE 12.09. -- svih sest koraka pripremljeno i izmjereno lokalno, nista pushano na main, svaki korak ceka Leonov OK",
      "kind": "planning",
      "sub": "other",
      "overridden": false
    },
    {
      "sha": "2ae9051",
      "date": "2026-09-13",
      "subject": "docs(progress, raspored §0): spajanje IZVEDENO 13.09. -- pet koraka na produkciji, §0 ispunjen, F2/2 ide u novom stablu od main-a",
      "kind": "planning",
      "sub": "deploy",
      "overridden": false
    },
    {
      "sha": "3ddf5f2",
      "date": "2026-09-13",
      "subject": "F2/2 cigla 1: bucket profile-images (javan, upis samo vlasniku) + RPC set_profile_image + delete-account cisti oba bucketa (STAGING)",
      "kind": "execution",
      "sub": "brick",
      "overridden": false
    },
    {
      "sha": "90dca49",
      "date": "2026-09-13",
      "subject": "F2/2 cigla 2: js/profile-images.js — smanjivanje u pregledniku (WebP), upload u vlastiti prefiks, RPC, brisanje stare",
      "kind": "execution",
      "sub": "brick",
      "overridden": false
    },
    {
      "sha": "61c39dd",
      "date": "2026-09-13",
      "subject": "F2/2 cigla 3: zid crta profilnu i naslovnu; Promijeni/Ukloni u „Uredi profil\" (i18n, CSS, spec ⑤ klik-put)",
      "kind": "execution",
      "sub": "brick",
      "overridden": false
    },
    {
      "sha": "090bd0c",
      "date": "2026-09-13",
      "subject": "docs: 🚀 F2/2 slike profila na produkciji (main 61c39dd, token 20260913203047) — SQL, Edge Function, push; odluke iz ankete; stabla počišćena",
      "kind": "planning",
      "sub": "deploy",
      "overridden": false
    }
  ],
  "deliveries": [
    {
      "date": "2026-08-29",
      "model": "",
      "title": "C4b: prva migrirana površina (isti dan, poslije potrage za kvarovima)",
      "kind": "debugging",
      "deploy": false
    },
    {
      "date": "2026-08-29",
      "model": "",
      "title": "potraga za kvarovima koji se ne vide (isti dan, poslije C4a)",
      "kind": "debugging",
      "deploy": false
    },
    {
      "date": "2026-08-29",
      "model": "",
      "title": "cigla C4a: mrtva površina odlazi (grana `feat/c4-browse-lekcije`)",
      "kind": "polish",
      "deploy": false
    },
    {
      "date": "2026-08-29",
      "model": "",
      "title": "ALAT-1: `css:diff` premota cijelo stablo (dug plaćen PRIJE C4)",
      "kind": "polish",
      "deploy": false
    },
    {
      "date": "2026-08-30",
      "model": "F",
      "title": "revizija pred compact + MJERA za C5b (cigla nije započeta)",
      "kind": "planning",
      "deploy": false
    },
    {
      "date": "2026-08-30",
      "model": "E",
      "title": "C5a/4b: kontrast, mjera na telefonu i nalaz koji vrijedi više od cigle",
      "kind": "polish",
      "deploy": false
    },
    {
      "date": "2026-08-30",
      "model": "D",
      "title": "C5a/4 (napredak): najmanja površina, najveći udio mrtvog",
      "kind": "polish",
      "deploy": false
    },
    {
      "date": "2026-08-30",
      "model": "C",
      "title": "C5a/3 (kviz) + pauza faze ukinuta istog dana",
      "kind": "polish",
      "deploy": false
    },
    {
      "date": "2026-08-30",
      "model": "B",
      "title": "Razgovor koji je presudio TRI otvorene stvari i otvorio ADR-031",
      "kind": "planning",
      "deploy": false
    },
    {
      "date": "2026-08-30",
      "model": "",
      "title": "C5a/2: kartice i dopune (drugi od četiri commita cigle)",
      "kind": "polish",
      "deploy": false
    },
    {
      "date": "2026-08-30",
      "model": "",
      "title": "C5a/1: kromo ekrana za učenje (prvi od četiri commita cigle)",
      "kind": "polish",
      "deploy": false
    },
    {
      "date": "2026-08-31",
      "model": "FABLE",
      "title": "B5: anegdota „jedina traka\" postala je brojka 421 — i brana je zamalo promašila vlastiti povod",
      "kind": "execution",
      "deploy": false
    },
    {
      "date": "2026-08-31",
      "model": "FABLE",
      "title": "B4: bug od tri godišnja doba postao je popis od 23 retka",
      "kind": "execution",
      "deploy": false
    },
    {
      "date": "2026-08-31",
      "model": "FABLE",
      "title": "B3c: popravak na jedinom mjestu kuda sve prolazi — i mjerenje presudilo detalj",
      "kind": "planning",
      "deploy": false
    },
    {
      "date": "2026-08-31",
      "model": "FABLE",
      "title": "B3b: presuda po razini, ali kao unija — i površina prije ljestvice",
      "kind": "planning",
      "deploy": false
    },
    {
      "date": "2026-08-31",
      "model": "FABLE",
      "title": "B3a: mjerenje je oborilo premisu vlastite cigle",
      "kind": "execution",
      "deploy": false
    },
    {
      "date": "2026-08-31",
      "model": "FABLE",
      "title": "B2: preskočeni finali imaju ime, razlog i zakucan popis",
      "kind": "execution",
      "deploy": false
    },
    {
      "date": "2026-08-31",
      "model": "FABLE",
      "title": "B1: brana `check:tokens` + `--border-color` 11 → 0",
      "kind": "execution",
      "deploy": false
    },
    {
      "date": "2026-08-31",
      "model": "OPUS",
      "title": "A2 zatvoren: **`npm audit` 15 → 0**, i jedna nuspojava vrjednija od cigle",
      "kind": "polish",
      "deploy": false
    },
    {
      "date": "2026-08-31",
      "model": "OPUS",
      "title": "A2: brana za Node napisana i dokazana, ali **namjerno još ne stoji na vratima**",
      "kind": "execution",
      "deploy": false
    },
    {
      "date": "2026-08-31",
      "model": "OPUS",
      "title": "A1: baza je popravljena na stagingu, i **plan je bio kriv na dva mjesta**",
      "kind": "execution",
      "deploy": false
    },
    {
      "date": "2026-08-31",
      "model": "OPUS",
      "title": "Revizija je dala 12 nalaza, a faza MREŽA je dobila spec i **pauzirala redizajn**",
      "kind": "planning",
      "deploy": false
    },
    {
      "date": "2026-08-31",
      "model": "OPUS",
      "title": "C5b/1b: dokaz je morao promijeniti alat, a mjerač sam ja pokvario",
      "kind": "debugging",
      "deploy": false
    },
    {
      "date": "2026-08-31",
      "model": "OPUS",
      "title": "C5b/1a: mjera je oborila redoslijed cigli prije nego je pisan ijedan redak",
      "kind": "polish",
      "deploy": false
    },
    {
      "date": "2026-08-31",
      "model": "OPUS",
      "title": "BUG-042: pouka je bila zapisana u datoteci koju pali spec nije zvao",
      "kind": "debugging",
      "deploy": false
    },
    {
      "date": "2026-08-31",
      "model": "OPUS",
      "title": "C5b/0: tinte gradiva su bile nevidljive, i tri brane su to propustile",
      "kind": "polish",
      "deploy": false
    },
    {
      "date": "2026-08-31",
      "model": "",
      "title": "sve otvorene odluke zatvorene · obrnuti rizik C5b-a oboren · seoba ODGOĐENA",
      "kind": "planning",
      "deploy": false
    },
    {
      "date": "2026-09-01",
      "model": "OPUS, USPOREDNA SESIJA",
      "title": "MATURA: spec napisan, faza NIJE otvorena — mjerenje je oborilo obje premise parkiranja",
      "kind": "execution",
      "deploy": false
    },
    {
      "date": "2026-09-01",
      "model": "FABLE",
      "title": "Tracnice prebacene: MREZA je isporucila sve blokove, \"sto sada\" je opet redizajn (C5b/2)",
      "kind": "planning",
      "deploy": false
    },
    {
      "date": "2026-09-01",
      "model": "FABLE",
      "title": "ODLUKE: seoba OTKAZANA (Pro ostaje), RACUN blok zapisan",
      "kind": "planning",
      "deploy": false
    },
    {
      "date": "2026-09-01",
      "model": "FABLE",
      "title": "Paper van: 10 mjesta, nula drame",
      "kind": "polish",
      "deploy": false
    },
    {
      "date": "2026-09-01",
      "model": "FABLE",
      "title": "Birač tema: mehanizam je cijelo vrijeme postojao, falio je samo UI",
      "kind": "execution",
      "deploy": false
    },
    {
      "date": "2026-09-01",
      "model": "FABLE",
      "title": "🚀 DEPLOY: redizajn + MREZA na produkciji, faza formalno gotova",
      "kind": "execution",
      "deploy": true
    },
    {
      "date": "2026-09-01",
      "model": "FABLE",
      "title": "CI obara doradu: 4.41 na amberu — popravak izmjeren na 45%",
      "kind": "debugging",
      "deploy": false
    },
    {
      "date": "2026-09-01",
      "model": "FABLE",
      "title": "Dorada iz Leonovog pregleda: learn u bojama sekcija",
      "kind": "execution",
      "deploy": false
    },
    {
      "date": "2026-09-01",
      "model": "FABLE",
      "title": "C7/5: most mrtav, ali gradivo cuva dva imena — C7 ZATVOREN",
      "kind": "polish",
      "deploy": false
    },
    {
      "date": "2026-09-01",
      "model": "FABLE",
      "title": "C7/4: components raspusten — mobile-nav je stilizirao samo nevidljivo",
      "kind": "polish",
      "deploy": false
    },
    {
      "date": "2026-09-01",
      "model": "FABLE",
      "title": "C7/3: css/responsive/* NE POSTOJI",
      "kind": "polish",
      "deploy": false
    },
    {
      "date": "2026-09-01",
      "model": "FABLE",
      "title": "C7/2: cta-ljestva dosla kuci i zatekla da kuce NEMA",
      "kind": "polish",
      "deploy": false
    },
    {
      "date": "2026-09-01",
      "model": "FABLE",
      "title": "C7/1: selektorski mrtvo van — pola mrtvih gate nije ni vidio",
      "kind": "polish",
      "deploy": false
    },
    {
      "date": "2026-09-01",
      "model": "FABLE",
      "title": "C6/4: profil + auth — dokaz koji css:diff ne moze dati; C6 ZATVOREN",
      "kind": "polish",
      "deploy": false
    },
    {
      "date": "2026-09-01",
      "model": "FABLE",
      "title": "C6/3: about — najmirnija C6 cigla, s jednom naopakom istinom",
      "kind": "polish",
      "deploy": false
    },
    {
      "date": "2026-09-01",
      "model": "FABLE",
      "title": "C6/2: sidebar-ljestva skupljena — i nalaz da sidebar NITKO ne moze otvoriti",
      "kind": "polish",
      "deploy": false
    },
    {
      "date": "2026-09-01",
      "model": "FABLE",
      "title": "C6 mjera + C6/1: home-ljestva iz pet datoteka — i pola ljestve bilo mrtvo",
      "kind": "polish",
      "deploy": false
    },
    {
      "date": "2026-09-01",
      "model": "FABLE",
      "title": "C5b/3b: learn skela u utilityje — mjera prije koda srezala opseg na cetvrtinu",
      "kind": "polish",
      "deploy": false
    },
    {
      "date": "2026-09-01",
      "model": "FABLE",
      "title": "C5b/3a: #learn razoruzan — :where() cuva doseg, a utility prvi put prolazi",
      "kind": "polish",
      "deploy": false
    },
    {
      "date": "2026-09-01",
      "model": "FABLE",
      "title": "C5b/2: blind-map skela u utilityje — i cetiri pravila koja su cekala igraca kojeg nema",
      "kind": "polish",
      "deploy": false
    },
    {
      "date": "2026-09-01",
      "model": "FABLE",
      "title": "MREZA-E4: dva nemjerena nacina ucenja usla u telefon-branu — i cist nalaz",
      "kind": "execution",
      "deploy": false
    },
    {
      "date": "2026-09-01",
      "model": "FABLE",
      "title": "MREZA-E3: \"odluka o 8\" se raspala na popravak mjerca + 7 obrazlozenih",
      "kind": "planning",
      "deploy": false
    },
    {
      "date": "2026-09-01",
      "model": "FABLE",
      "title": "MREZA-E2: kartice ispod stropa, strop u shemi",
      "kind": "execution",
      "deploy": false
    },
    {
      "date": "2026-09-01",
      "model": "FABLE",
      "title": "MREZA-E1: mina je vec bila razminirana — analiza je nasla isporuku, ne posao",
      "kind": "execution",
      "deploy": false
    },
    {
      "date": "2026-09-01",
      "model": "FABLE",
      "title": "D4: lozinka koja je procurila staje u pregledniku, prije servera",
      "kind": "execution",
      "deploy": false
    },
    {
      "date": "2026-09-01",
      "model": "FABLE",
      "title": "D3: enforce — i brana je u prvom dahu nasla pravu iznimku",
      "kind": "execution",
      "deploy": false
    },
    {
      "date": "2026-09-01",
      "model": "FABLE",
      "title": "D2: report se cita, ne pretpostavlja — i bio je cist",
      "kind": "execution",
      "deploy": false
    },
    {
      "date": "2026-09-01",
      "model": "FABLE",
      "title": "D1: inline van — a krivi zaključak je srušio klik, ne grep",
      "kind": "polish",
      "deploy": false
    },
    {
      "date": "2026-09-01",
      "model": "FABLE",
      "title": "C4: paleta na nuli — a najvredniji nalaz donio je pali suite, ne skripta",
      "kind": "polish",
      "deploy": false
    },
    {
      "date": "2026-09-01",
      "model": "FABLE",
      "title": "C3: jedna sjena nije jedna boja — opakna baza po temi, alfa na mjestu upotrebe",
      "kind": "execution",
      "deploy": false
    },
    {
      "date": "2026-09-01",
      "model": "FABLE",
      "title": "C2: Leonov dojam iz kolovoza bio je točan opis koda — i brana sad mjeri ono što je prije preskakala",
      "kind": "execution",
      "deploy": false
    },
    {
      "date": "2026-09-01",
      "model": "FABLE",
      "title": "C1: odluka iz kolovoza čekala je izvedbu — i mjera je srušila jedno „zadrži izgled\"",
      "kind": "planning",
      "deploy": false
    },
    {
      "date": "2026-09-01",
      "model": "FABLE",
      "title": "B6: prvi push je bio dokaz za tri stvari odjednom — i naplatio dug star tri tjedna",
      "kind": "execution",
      "deploy": false
    },
    {
      "date": "2026-09-02",
      "model": "FABLE",
      "title": "U3+U4 zatvoreni (Leonove konzole; \"rijeseno sve\")",
      "kind": "execution",
      "deploy": false
    },
    {
      "date": "2026-09-02",
      "model": "FABLE",
      "title": "🚀 FB-off deployan (Leon: \"deplojaj na produkciju verziju gdje nema gumba za fejs\")",
      "kind": "execution",
      "deploy": true
    },
    {
      "date": "2026-09-02",
      "model": "FABLE",
      "title": "FB gumb maknut (Leon: \"makni facebook za sada\")",
      "kind": "execution",
      "deploy": false
    },
    {
      "date": "2026-09-02",
      "model": "FABLE",
      "title": "🚀 U5 deployan (Leon: \"moze deploy\")",
      "kind": "execution",
      "deploy": true
    },
    {
      "date": "2026-09-02",
      "model": "FABLE",
      "title": "U5: Google bez supabase-domene (id_token izravno)",
      "kind": "execution",
      "deploy": false
    },
    {
      "date": "2026-09-02",
      "model": "FABLE",
      "title": "🚀 R1 deployan (Leon: \"molim te napravi deploy\")",
      "kind": "execution",
      "deploy": true
    },
    {
      "date": "2026-09-02",
      "model": "FABLE",
      "title": "R1: Google OAuth UZIVO potvrdjen (Leonov krug)",
      "kind": "execution",
      "deploy": false
    },
    {
      "date": "2026-09-02",
      "model": "FABLE",
      "title": "RACUN R1 pocet: OAuth + upitnik + novi dijalog (grana feat/racun-r1)",
      "kind": "execution",
      "deploy": false
    },
    {
      "date": "2026-09-02",
      "model": "FABLE",
      "title": "🚀 Birac tema deployan (Leon: \"Ok\")",
      "kind": "execution",
      "deploy": true
    },
    {
      "date": "2026-09-04",
      "model": "FABLE",
      "title": "F1/2: tema `carbon` — mail u tamnom, na stranici",
      "kind": "execution",
      "deploy": false
    },
    {
      "date": "2026-09-04",
      "model": "OPUS",
      "title": "Crna tema: mail ima DVIJE palete, a ja sam izmjerio jednu",
      "kind": "execution",
      "deploy": false
    },
    {
      "date": "2026-09-04",
      "model": "OPUS",
      "title": "F1/1: stranica je dobila boju vlastitog znaka",
      "kind": "execution",
      "deploy": false
    },
    {
      "date": "2026-09-04",
      "model": "OPUS",
      "title": "Suradnik otkazan · RASPORED = tekuci spec · main na `e42cd90`",
      "kind": "planning",
      "deploy": true
    },
    {
      "date": "2026-09-04",
      "model": "OPUS",
      "title": "UCITAVANJE PO RUTI: prvi kadar s 41 skripte na 22",
      "kind": "execution",
      "deploy": false
    },
    {
      "date": "2026-09-04",
      "model": "OPUS",
      "title": "Leonova tri problema: dijagnoza mjerenjem, dvije cigle zatvorene",
      "kind": "execution",
      "deploy": false
    },
    {
      "date": "2026-09-04",
      "model": "OPUS",
      "title": "Mail-identitet gotov (predlosci + potpis + posiljatelj + avatar)",
      "kind": "execution",
      "deploy": false
    },
    {
      "date": "2026-09-05",
      "model": "FABLE",
      "title": "F1/11 ②: `js/no-zoom.js` — štipanje s dva prsta gasi JS (Leon na iPhoneu: meta + `pan-x pan-y` ne drže)",
      "kind": "execution",
      "deploy": false
    },
    {
      "date": "2026-09-05",
      "model": "FABLE",
      "title": "F1/7 isporučen u dva commita: landing `fixed` → `scroll` (paint 240 → 0) · `?bez=` prekidač za iPhone",
      "kind": "execution",
      "deploy": false
    },
    {
      "date": "2026-09-05",
      "model": "FABLE",
      "title": "F1/11 isporučen: ništa ne zumira (meta na 6 stranica · `pan-x pan-y` · `ISKLJUCENO_ODLUKOM` u a11y-brani)",
      "kind": "planning",
      "deploy": false
    },
    {
      "date": "2026-09-05",
      "model": "FABLE",
      "title": "Leonova odluka: bez zuma uopće (ADR-034 → F1/11) · compact-priprema",
      "kind": "planning",
      "deploy": false
    },
    {
      "date": "2026-09-05",
      "model": "FABLE",
      "title": "🚀 deploy `c53c28c`: F1/10 + F1/8 ① + F1/8 ② na produkciji (Leonov uvjetni OK, suita zelena)",
      "kind": "execution",
      "deploy": true
    },
    {
      "date": "2026-09-05",
      "model": "FABLE",
      "title": "F1/8 ② isporučen: hover na mišu se naoruža tek prvim pomakom (JS pauza + CSS prefiks + sonda + 28 tvrdnji)",
      "kind": "execution",
      "deploy": false
    },
    {
      "date": "2026-09-05",
      "model": "FABLE",
      "title": "F1/8 ① isporučen: `:hover` samo gdje hover postoji (build-prolaz + brana + sonda)",
      "kind": "execution",
      "deploy": false
    },
    {
      "date": "2026-09-05",
      "model": "FABLE",
      "title": "F1/10 isporučen: zoom na dodir (popravak + brana ⑨ + unit-test; brana iza prijave popravljena)",
      "kind": "execution",
      "deploy": false
    },
    {
      "date": "2026-09-05",
      "model": "FABLE",
      "title": "zoom na dodir izmjeren (Leonov treći nalaz; zapis, bez popravaka)",
      "kind": "execution",
      "deploy": false
    },
    {
      "date": "2026-09-05",
      "model": "FABLE",
      "title": "F1/6 sonda za trzanje + hover izmjeren na WebKitu (mjerenja, bez popravaka)",
      "kind": "execution",
      "deploy": false
    },
    {
      "date": "2026-09-05",
      "model": "FABLE",
      "title": "Analiza rada u Excelu: `docs/records/RAD.xlsx` + generator",
      "kind": "execution",
      "deploy": false
    },
    {
      "date": "2026-09-05",
      "model": "FABLE",
      "title": "Leonova dva nova zahtjeva: ljepljivi hover (izmjeren) · Tinder-špil (zapisan)",
      "kind": "execution",
      "deploy": false
    },
    {
      "date": "2026-09-05",
      "model": "FABLE",
      "title": "F1/3: prvi kadar prati uređaj — crno bez klika, kao mail",
      "kind": "execution",
      "deploy": false
    },
    {
      "date": "2026-09-06",
      "model": "FABLE",
      "title": "Leon s previewom F1/9 → Tinder-KADAR (palac lista, gumbi sude, kartica = ekran): IZMJERENO + PLAN, bez koda",
      "kind": "execution",
      "deploy": false
    },
    {
      "date": "2026-09-06",
      "model": "FABLE",
      "title": "F1/9: kartice kao Tinder-špil na dodiru (palac · špil · pečati) + strelice kao stolni pandan — F1 uređaj ima sve cigle",
      "kind": "execution",
      "deploy": false
    },
    {
      "date": "2026-09-06",
      "model": "FABLE",
      "title": "Leonove stavke poslije F1/5, SAMO ZAPISANE (*„Ovo samo zapiši, nemoj ništa raditi\"*)",
      "kind": "execution",
      "deploy": false
    },
    {
      "date": "2026-09-06",
      "model": "FABLE",
      "title": "F1/5: pravne stranice prate uređaj (`boot.js` sinkron + `data-theme` na 4 stranice) — kraj poliranja F1 osim Tindera",
      "kind": "execution",
      "deploy": false
    },
    {
      "date": "2026-09-06",
      "model": "FABLE",
      "title": "F1/4: `scripts/teme.js` — popis tema iz `tokens.css` za sve četiri brane (a11y prvi put skenira `carbon`)",
      "kind": "execution",
      "deploy": false
    },
    {
      "date": "2026-09-06",
      "model": "FABLE",
      "title": "Leonovi odgovori: F2/1 = odjava briše lokalni izbor · iPhone: dodir ne zumira, štipanje da — ali testira INSTALIRANU aplikaciju (produkcija, bez F1/11)",
      "kind": "execution",
      "deploy": false
    },
    {
      "date": "2026-09-06",
      "model": "FABLE, VODITELJ",
      "title": "BUG-045: SW nikad nije spremao runtime assete — klon prekasno, `catch(() => {})` ga gutao",
      "kind": "debugging",
      "deploy": false
    },
    {
      "date": "2026-09-07",
      "model": "OPUS, DRUGA SESIJA",
      "title": "Mjerenje aktivacije i povratka isporučeno · gate pristanka obrnuto provjeren",
      "kind": "execution",
      "deploy": false
    },
    {
      "date": "2026-09-07",
      "model": "OPUS",
      "title": "Model monetizacije zaključan (ADR-035 + ADR-036) · činjenice o inkubatoru provjerene · KÔD NIJE DIRAN",
      "kind": "planning",
      "deploy": false
    },
    {
      "date": "2026-09-08",
      "model": "OPUS",
      "title": "F2/0: traka dobiva dva odredišta („Moji materijali\" + profil), CTA obrisan",
      "kind": "execution",
      "deploy": false
    },
    {
      "date": "2026-09-08",
      "model": "OPUS",
      "title": "istraga crvenog CI-ja: ⑦ je nevin, nađen BUG-046, brana koja ne ovisi o sreći",
      "kind": "debugging",
      "deploy": false
    },
    {
      "date": "2026-09-09",
      "model": "OPUS",
      "title": "F2/3b: ime i opis dobivaju svoju tablicu, `role` ostaje zatvoren",
      "kind": "execution",
      "deploy": false
    },
    {
      "date": "2026-09-09",
      "model": "OPUS",
      "title": "F2/3a: profil postaje ZID (identitet gore, administracija ispod)",
      "kind": "execution",
      "deploy": false
    },
    {
      "date": "2026-09-12",
      "model": "FABLE, SESIJA POPRAVCI",
      "title": "SPAJANJE po RASPORED §0: svih šest koraka pripremljeno i izmjereno lokalno, ništa pushano na `main` — svaki korak čeka Leonov OK",
      "kind": "planning",
      "deploy": false
    },
    {
      "date": "2026-09-12",
      "model": "FABLE",
      "title": "Napredak pouzdan: pet kvarova iz vanjske recenzije, svaki test-prvo (grana `fix/napredak-pouzdanost`, novo stablo `sokratstudy.napredak`)",
      "kind": "debugging",
      "deploy": false
    },
    {
      "date": "2026-09-13",
      "model": "FABLE, SESIJA F2/2 U STABLU `SOKRATSTUDY.F22`",
      "title": "cigla 1: baza za slike profila na stagingu, test-prvo",
      "kind": "execution",
      "deploy": false
    }
  ],
  "indicators": [
    {
      "id": "working_days",
      "value": 14.0,
      "kind": "measure",
      "formula": "dana s bar jednim commitom"
    },
    {
      "id": "commits",
      "value": 190.0,
      "kind": "measure",
      "formula": "broj commita od since"
    },
    {
      "id": "commits_per_day",
      "value": 13.6,
      "kind": "measure",
      "formula": "commits / working_days"
    },
    {
      "id": "deliveries",
      "value": 105.0,
      "kind": "measure",
      "formula": "naslova u dnevniku od since"
    },
    {
      "id": "deliveries_per_day",
      "value": 7.5,
      "kind": "measure",
      "formula": "deliveries / working_days"
    },
    {
      "id": "hours",
      "value": 85.0,
      "kind": "proxy",
      "formula": "git-hours: razmak < gap_h + start_h po sesiji, sortirano po author_time"
    },
    {
      "id": "commits_per_hour",
      "value": 2.2,
      "kind": "proxy",
      "formula": "commits / hours"
    },
    {
      "id": "lines_changed",
      "value": 70164.0,
      "kind": "measure",
      "formula": "Σ added + deleted"
    },
    {
      "id": "test_lines",
      "value": 8922.0,
      "kind": "measure",
      "formula": "Σ redaka na testnim putanjama"
    },
    {
      "id": "test_share",
      "value": 0.127,
      "kind": "measure",
      "formula": "test_lines / lines_changed"
    },
    {
      "id": "deploys",
      "value": 7.0,
      "kind": "measure",
      "formula": "isporuke s 🚀/deploy"
    },
    {
      "id": "debugging_commits",
      "value": 22.0,
      "kind": "measure",
      "formula": "effective_kind == debugging"
    },
    {
      "id": "debugging_share",
      "value": 0.116,
      "kind": "measure",
      "formula": "debugging_commits / commits"
    },
    {
      "id": "docs_share",
      "value": 0.289,
      "kind": "measure",
      "formula": "documentation / commits"
    },
    {
      "id": "ci_fixes",
      "value": 2.0,
      "kind": "measure",
      "formula": "subject ~ ci_fix_pattern"
    },
    {
      "id": "owner_driven_deliveries",
      "value": 19.0,
      "kind": "measure",
      "formula": "naslov sadrži owner_name"
    },
    {
      "id": "closed_phases_in_range",
      "value": 3.0,
      "kind": "measure",
      "formula": "zatvorene faze s to >= since"
    },
    {
      "id": "closed_phase_avg_days",
      "value": 8.5,
      "kind": "measure",
      "formula": "mean(days) zatvorenih faza"
    }
  ],
  "phases": [
    {
      "id": "Osobni UGC-graditelj F1–F5",
      "name": "Osobni UGC-graditelj F1–F5",
      "state": "closed",
      "total_bricks": 8,
      "done_bricks": 8,
      "from": "2026-08-02",
      "to": "2026-08-06",
      "days": 5,
      "commits": 8
    },
    {
      "id": "Frontend redizajn C0–C7 + KOSTUR·TELEFON·POLICA·SEO",
      "name": "Frontend redizajn C0–C7 + KOSTUR·TELEFON·POLICA·SEO",
      "state": "closed",
      "total_bricks": 56,
      "done_bricks": 56,
      "from": "2026-08-07",
      "to": "2026-09-01",
      "days": 26,
      "commits": 56
    },
    {
      "id": "MREŽA — sanacija A–E",
      "name": "MREŽA — sanacija A–E",
      "state": "closed",
      "total_bricks": 25,
      "done_bricks": 25,
      "from": "2026-08-31",
      "to": "2026-09-01",
      "days": 2,
      "commits": 25
    },
    {
      "id": "RAČUN R1 — OAuth + upitnik + dijalog",
      "name": "RAČUN R1 — OAuth + upitnik + dijalog",
      "state": "closed",
      "total_bricks": 6,
      "done_bricks": 6,
      "from": "2026-09-02",
      "to": "2026-09-02",
      "days": 1,
      "commits": 6
    },
    {
      "id": "F1",
      "name": "F1 · UREĐAJ",
      "state": "running",
      "total_bricks": 14,
      "done_bricks": 11,
      "from": "2026-09-04",
      "to": null,
      "days": 14,
      "commits": 14
    },
    {
      "id": "F2",
      "name": "F2 · RAČUN",
      "state": "running",
      "total_bricks": 5,
      "done_bricks": 1,
      "from": "2026-09-06",
      "to": null,
      "days": 12,
      "commits": 8
    },
    {
      "id": "F3",
      "name": "F3 · DVOJEZIČNOST",
      "state": "planned",
      "total_bricks": 3,
      "done_bricks": 0,
      "from": null,
      "to": null,
      "days": null,
      "commits": 0
    },
    {
      "id": "F4",
      "name": "F4 · ČIŠĆENJE",
      "state": "planned",
      "total_bricks": 5,
      "done_bricks": 0,
      "from": null,
      "to": null,
      "days": null,
      "commits": 0
    },
    {
      "id": "F5",
      "name": "F5 · VJEŽBE",
      "state": "planned",
      "total_bricks": 3,
      "done_bricks": 0,
      "from": null,
      "to": null,
      "days": null,
      "commits": 0
    },
    {
      "id": "F6",
      "name": "F6 · MCP",
      "state": "planned",
      "total_bricks": 3,
      "done_bricks": 0,
      "from": null,
      "to": null,
      "days": null,
      "commits": 0
    },
    {
      "id": "F7",
      "name": "F7 · OBJAVA",
      "state": "planned",
      "total_bricks": 3,
      "done_bricks": 0,
      "from": null,
      "to": null,
      "days": null,
      "commits": 0
    }
  ],
  "visions": [],
  "vision_totals": [],
  "docs": null,
  "signals": []
}
